[dotenv@17.2.3] injecting env (22) from .env -- tip: ⚙️  write to custom object with { processEnv: myObject }

scoped to seeds 1-50: 3571 clip(s) referenced
tail check ON — one S3 fetch and one decode per clip, 8 at a time; this is not instant.
[dotenv@17.2.3] injecting env (0) from .env -- tip: ⚙️  specify custom .env file path with { path: '/custom/path/.env' }
[language-code-service] Loaded 488 language codes from CSV
[language-code-service] TTS configured: 104 Azure, 75 ElevenLabs, 79 Google
[language-code-service] Legacy mappings: 93 total (95 from CSV)
  measured 250/3571 (27.4/s, ~2m left)     measured 500/3571 (30.3/s, ~2m left)     measured 750/3571 (31.6/s, ~1m left)     measured 1000/3571 (31.9/s, ~1m left)     measured 1250/3571 (31.9/s, ~1m left)     measured 1500/3571 (31.8/s, ~1m left)     measured 1750/3571 (31.8/s, ~1m left)     measured 2000/3571 (31.6/s, ~1m left)     measured 2250/3571 (31.6/s, ~1m left)     measured 2500/3571 (31.5/s, ~1m left)     measured 2750/3571 (31.5/s, ~0m left)     measured 3000/3571 (31.4/s, ~0m left)     measured 3250/3571 (31.0/s, ~0m left)     measured 3500/3571 (30.6/s, ~0m left)   

audio-repair queue — ara_lb_for_eng
detector: duration-vs-expected
  Unmeasured against human-labelled ground truth. Orders the queue only — it never passes audio. The tail-defect detector it replaces measured ~9% precision by ear (2026-08-05).
detector: tail-integrity
  Recall 3/3 against the only human-labelled ground truth that exists (Tom, deu_for_eng, 2026-08-05) — three clips is far too few for a precision figure, and none is claimed. Like-for-like control: fresh renders of the same 93 texts through the same voices moved the median release 20ms -> 115ms, and 92 of 93 stopped tripping this check, so the flags are not an artefact of which phoneme a word ends on. That says the shipped clips are anomalous; it does NOT say a human hears all 93 as damaged. Orders the queue only; it never passes audio.
  measured 3571 clip(s); 0 could not be measured

3 clip(s) worth a human's ears (2 by duration, 1 by tail); showing 3, worst first.

     25ms  known           2664ms  "I want to speak Arabic, with you!"
           5be6f66c-ad88-4c7a-be10-f0eab6f99b31  rev 1  — ends abruptly — 25ms from full speech level to silence (natural endings measure ~80ms)
    0.849  known           3456ms  "I wouldn't like to guess what's going to happen tomor
           31b42157-3cdd-4487-950a-e836f1f39776  rev 1  — 15% shorter than its text implies
    0.849  presentation    6912ms  "The Arabic for: 'what's going to happen', as in — 'I 
           80708bd9-4c1a-4697-acbc-137ccd4e972f  rev 1  — 15% shorter than its text implies

queue -> docs/audio-repair-2026-08-06/estate/ara_lb_for_eng-seeds50-tails.json  (feed it straight to `propose --targets`)

This is an ORDERING, not a verdict. Nothing here has been judged broken.

[Azure TTS] Closing connection pool (0 total connections)...
