[dotenv@17.2.3] injecting env (22) from .env -- tip: ⚙️  load multiple .env files with { path: ['.env.local', '.env'] }

scoped to seeds 1-50: 2538 clip(s) referenced
tail check ON — one S3 fetch and one decode per clip, 8 at a time; this is not instant.
[dotenv@17.2.3] injecting env (0) from .env -- tip: ⚙️  suppress all logs with { quiet: true }
[language-code-service] Loaded 488 language codes from CSV
[language-code-service] TTS configured: 104 Azure, 75 ElevenLabs, 79 Google
[language-code-service] Legacy mappings: 93 total (95 from CSV)
  measured 250/2537 (23.4/s, ~2m left)     measured 500/2537 (27.7/s, ~1m left)     measured 750/2537 (29.2/s, ~1m left)     measured 1000/2537 (29.9/s, ~1m left)     measured 1250/2537 (30.3/s, ~1m left)     measured 1500/2537 (30.8/s, ~1m left)     measured 1750/2537 (31.0/s, ~0m left)     measured 2000/2537 (31.1/s, ~0m left)     measured 2250/2537 (31.3/s, ~0m left)     measured 2500/2537 (31.5/s, ~0m left)   

audio-repair queue — cym_s_for_eng
detector: duration-vs-expected
  Unmeasured against human-labelled ground truth. Orders the queue only — it never passes audio. The tail-defect detector it replaces measured ~9% precision by ear (2026-08-05).
detector: tail-integrity
  Recall 3/3 against the only human-labelled ground truth that exists (Tom, deu_for_eng, 2026-08-05) — three clips is far too few for a precision figure, and none is claimed. Like-for-like control: fresh renders of the same 93 texts through the same voices moved the median release 20ms -> 115ms, and 92 of 93 stopped tripping this check, so the flags are not an artefact of which phoneme a word ends on. That says the shipped clips are anomalous; it does NOT say a human hears all 93 as damaged. Orders the queue only; it never passes audio.
  measured 2537 clip(s); 0 could not be measured

3 clip(s) worth a human's ears (3 by duration, 0 by tail); showing 3, worst first.

    0.748  presentation    6144ms  "The Cymraeg for <src>what</src> is <tgt>beth</tgt>, <
           71898fe9-38b2-4197-ae83-64e712cb23fd  rev 1  — 25% shorter than its text implies
    0.792  presentation    6168ms  "The Cymraeg for <src>and</src> is <tgt>a</tgt>, in fr
           b10ec601-d578-4e20-938b-1ca06444f206  rev 1  — 21% shorter than its text implies
    0.832  presentation   11352ms  "The Cymraeg for <src>to know</src> is <tgt>gwybod</tg
           2e06aee7-8282-49f2-be0f-2bd807d0ac0a  rev 1  — 17% shorter than its text implies

queue -> docs/audio-repair-2026-08-06/estate/cym_s_for_eng-seeds50-tails.json  (feed it straight to `propose --targets`)

This is an ORDERING, not a verdict. Nothing here has been judged broken.

[Azure TTS] Closing connection pool (0 total connections)...
