[dotenv@17.2.3] injecting env (22) from .env -- tip: 🔐 prevent building .env in docker: https://dotenvx.com/prebuild

scoped to seeds 1-50: 4083 clip(s) referenced
tail check ON — one S3 fetch and one decode per clip, 8 at a time; this is not instant.
[dotenv@17.2.3] injecting env (0) from .env -- tip: 🛠️  run anywhere with `dotenvx run -- yourcommand`
[language-code-service] Loaded 488 language codes from CSV
[language-code-service] TTS configured: 104 Azure, 75 ElevenLabs, 79 Google
[language-code-service] Legacy mappings: 93 total (95 from CSV)
  measured 250/4083 (30.4/s, ~2m left)     measured 500/4083 (35.6/s, ~2m left)     measured 750/4083 (35.6/s, ~2m left)     measured 1000/4083 (35.7/s, ~1m left)     measured 1250/4083 (36.7/s, ~1m left)     measured 1500/4083 (38.8/s, ~1m left)     measured 1750/4083 (39.9/s, ~1m left)     measured 2000/4083 (40.8/s, ~1m left)     measured 2250/4083 (41.6/s, ~1m left)     measured 2500/4083 (42.1/s, ~1m left)     measured 2750/4083 (42.7/s, ~1m left)     measured 3000/4083 (43.0/s, ~0m left)     measured 3250/4083 (43.5/s, ~0m left)     measured 3500/4083 (43.7/s, ~0m left)     measured 3750/4083 (43.4/s, ~0m left)     measured 4000/4083 (42.8/s, ~0m left)   

audio-repair queue — deu_for_zho
detector: duration-vs-expected
  Unmeasured against human-labelled ground truth. Orders the queue only — it never passes audio. The tail-defect detector it replaces measured ~9% precision by ear (2026-08-05).
detector: tail-integrity
  Recall 3/3 against the only human-labelled ground truth that exists (Tom, deu_for_eng, 2026-08-05) — three clips is far too few for a precision figure, and none is claimed. Like-for-like control: fresh renders of the same 93 texts through the same voices moved the median release 20ms -> 115ms, and 92 of 93 stopped tripping this check, so the flags are not an artefact of which phoneme a word ends on. That says the shipped clips are anomalous; it does NOT say a human hears all 93 as damaged. Orders the queue only; it never passes audio.
  measured 4083 clip(s); 0 could not be measured

1 clip(s) worth a human's ears (0 by duration, 1 by tail); showing 1, worst first.

     30ms  target2         1680ms  "wolltest"
           8c0cf64f-eea8-4b8b-ac05-714ff44102b5  rev 1  — ends abruptly — 30ms from full speech level to silence (natural endings measure ~80ms)

queue -> docs/audio-repair-2026-08-06/estate/deu_for_zho-seeds50-tails.json  (feed it straight to `propose --targets`)

This is an ORDERING, not a verdict. Nothing here has been judged broken.

[Azure TTS] Closing connection pool (0 total connections)...
