[dotenv@17.2.3] injecting env (22) from .env -- tip: 🔐 prevent building .env in docker: https://dotenvx.com/prebuild

scoped to seeds 1-50: 3875 clip(s) referenced
tail check ON — one S3 fetch and one decode per clip, 8 at a time; this is not instant.
[dotenv@17.2.3] injecting env (0) from .env -- tip: 📡 add observability to secrets: https://dotenvx.com/ops
[language-code-service] Loaded 488 language codes from CSV
[language-code-service] TTS configured: 104 Azure, 75 ElevenLabs, 79 Google
[language-code-service] Legacy mappings: 93 total (95 from CSV)
  measured 250/3875 (26.7/s, ~2m left)     measured 500/3875 (34.7/s, ~2m left)     measured 750/3875 (38.6/s, ~1m left)     measured 1000/3875 (40.4/s, ~1m left)     measured 1250/3875 (41.8/s, ~1m left)     measured 1500/3875 (42.8/s, ~1m left)     measured 1750/3875 (43.3/s, ~1m left)     measured 2000/3875 (43.9/s, ~1m left)     measured 2250/3875 (44.3/s, ~1m left)     measured 2500/3875 (44.5/s, ~1m left)     measured 2750/3875 (44.9/s, ~0m left)     measured 3000/3875 (45.2/s, ~0m left)     measured 3250/3875 (45.4/s, ~0m left)     measured 3500/3875 (45.8/s, ~0m left)     measured 3750/3875 (45.9/s, ~0m left)   

audio-repair queue — eng_for_kor
detector: duration-vs-expected
  Unmeasured against human-labelled ground truth. Orders the queue only — it never passes audio. The tail-defect detector it replaces measured ~9% precision by ear (2026-08-05).
detector: tail-integrity
  Recall 3/3 against the only human-labelled ground truth that exists (Tom, deu_for_eng, 2026-08-05) — three clips is far too few for a precision figure, and none is claimed. Like-for-like control: fresh renders of the same 93 texts through the same voices moved the median release 20ms -> 115ms, and 92 of 93 stopped tripping this check, so the flags are not an artefact of which phoneme a word ends on. That says the shipped clips are anomalous; it does NOT say a human hears all 93 as damaged. Orders the queue only; it never passes audio.
  measured 3875 clip(s); 0 could not be measured

12 clip(s) worth a human's ears (11 by duration, 1 by tail); showing 12, worst first.

     25ms  known           1464ms  "쓰는"
           882c8145-bb5a-470a-adf4-d68821901a1d  rev 1  — ends abruptly — 25ms from full speech level to silence (natural endings measure ~80ms)
     0.78  target1         3120ms  "I wouldn't like to guess what's going to happen with 
           c08d92a1-6762-42af-a68d-5c444418e745  rev 1  — 22% shorter than its text implies
    0.813  target1         3312ms  "I wouldn't like to guess what's going to happen tomor
           6af189dd-14b6-4300-9436-fac540d7201a  rev 1  — 19% shorter than its text implies
    0.826  target1         2832ms  "I wouldn't like to guess what's going to happen."
           9cbbe8af-4ac8-4cef-ac10-e0617ad64611  rev 1  — 17% shorter than its text implies
    0.828  target1         3312ms  "how do you feel at the moment when other people are h
           7b75ed82-85d1-40d9-8a33-f5949fdbff0a  rev 1  — 17% shorter than its text implies
     0.84  target2          720ms  "it's a thing"
           416a8814-5de0-4132-94b9-4191df9be831  rev 1  — 16% shorter than its text implies
     0.84  target1          720ms  "it's a thing"
           85adcb59-3d38-4eec-885c-b750f3dc8a46  rev 1  — 16% shorter than its text implies
    0.843  target1         3312ms  "He doesn't want to be quiet when other people are her
           884e721d-9964-4f77-bd95-2e150830b786  rev 1  — 16% shorter than its text implies
    0.846  target1         3384ms  "Because I think that it's a good thing to make mistak
           94dc3f0c-84d4-4983-bdf4-b012297a647d  rev 1  — 15% shorter than its text implies
    0.846  target1         3264ms  "I'd like to be able to speak English with you tomorro
           8feeed7a-4204-4145-93ef-38304fd6fb38  rev 1  — 15% shorter than its text implies
    0.847  target1         3024ms  "I think that it's a good thing to answer carefully"
           60987282-b2b9-47bb-9887-91d0e3919320  rev 1  — 15% shorter than its text implies
    0.849  target1         2304ms  "Are you going to help me this evening?"
           cea16379-83bc-4048-9a54-347e5a459ffe  rev 1  — 15% shorter than its text implies

queue -> docs/audio-repair-2026-08-06/estate/eng_for_kor-seeds50-tails.json  (feed it straight to `propose --targets`)

This is an ORDERING, not a verdict. Nothing here has been judged broken.

[Azure TTS] Closing connection pool (0 total connections)...
