[dotenv@17.2.3] injecting env (22) from .env -- tip: 🔐 encrypt with Dotenvx: https://dotenvx.com

scoped to seeds 1-50: 4241 clip(s) referenced
tail check ON — one S3 fetch and one decode per clip, 8 at a time; this is not instant.
[dotenv@17.2.3] injecting env (0) from .env -- tip: ✅ audit secrets and track compliance: https://dotenvx.com/ops
[language-code-service] Loaded 488 language codes from CSV
[language-code-service] TTS configured: 104 Azure, 75 ElevenLabs, 79 Google
[language-code-service] Legacy mappings: 93 total (95 from CSV)
  measured 250/4241 (28.4/s, ~2m left)     measured 500/4241 (36.1/s, ~2m left)     measured 750/4241 (40.1/s, ~1m left)     measured 1000/4241 (41.8/s, ~1m left)     measured 1250/4241 (42.1/s, ~1m left)     measured 1500/4241 (42.5/s, ~1m left)     measured 1750/4241 (42.5/s, ~1m left)     measured 2000/4241 (42.6/s, ~1m left)     measured 2250/4241 (43.1/s, ~1m left)     measured 2500/4241 (42.6/s, ~1m left)     measured 2750/4241 (42.2/s, ~1m left)     measured 3000/4241 (41.6/s, ~0m left)     measured 3250/4241 (41.4/s, ~0m left)     measured 3500/4241 (41.8/s, ~0m left)     measured 3750/4241 (42.3/s, ~0m left)     measured 4000/4241 (42.5/s, ~0m left)   

audio-repair queue — eng_for_ita
detector: duration-vs-expected
  Unmeasured against human-labelled ground truth. Orders the queue only — it never passes audio. The tail-defect detector it replaces measured ~9% precision by ear (2026-08-05).
detector: tail-integrity
  Recall 3/3 against the only human-labelled ground truth that exists (Tom, deu_for_eng, 2026-08-05) — three clips is far too few for a precision figure, and none is claimed. Like-for-like control: fresh renders of the same 93 texts through the same voices moved the median release 20ms -> 115ms, and 92 of 93 stopped tripping this check, so the flags are not an artefact of which phoneme a word ends on. That says the shipped clips are anomalous; it does NOT say a human hears all 93 as damaged. Orders the queue only; it never passes audio.
  measured 4241 clip(s); 0 could not be measured

1 clip(s) worth a human's ears (1 by duration, 0 by tail); showing 1, worst first.

    0.823  target2         5352ms  "I don't worry about making mistakes because I think t
           c25ae850-88e6-433e-918c-ccee7476c341  rev 1  — 18% shorter than its text implies

queue -> docs/audio-repair-2026-08-06/estate/eng_for_ita-seeds50-tails.json  (feed it straight to `propose --targets`)

This is an ORDERING, not a verdict. Nothing here has been judged broken.

[Azure TTS] Closing connection pool (0 total connections)...
